// Jest Snapshot v1, https://goo.gl/fbAQLP

exports[`Todolist CRUD functionality should shallow render correctly 1`] = `ShallowWrapper {}`;
